{
  "seconds": 30.0,
  "ticks": 3600,
  "track": "coastal",
  "seed": 23,
  "traffic_count": 8,
  "physics_seconds": 162.1055,
  "player_collision_steps": 0,
  "npc_collision_steps": 0,
  "npc_collision_pairs": [],
  "traffic_cycles": 0,
  "failures": [],
  "passed": true,
  "npcs": [
    {
      "index": 0,
      "active": true,
      "generation": 0,
      "cumulative_m": 344.338,
      "max_route_error_m": 0.64,
      "laps": 0.476,
      "stopped": false,
      "stopped_fraction": 0.022
    },
    {
      "index": 1,
      "active": true,
      "generation": 0,
      "cumulative_m": 325.484,
      "max_route_error_m": 0.572,
      "laps": 0.45,
      "stopped": false,
      "stopped_fraction": 0.021
    },
    {
      "index": 2,
      "active": true,
      "generation": 0,
      "cumulative_m": 338.741,
      "max_route_error_m": 0.639,
      "laps": 0.469,
      "stopped": false,
      "stopped_fraction": 0.017
    },
    {
      "index": 3,
      "active": true,
      "generation": 0,
      "cumulative_m": 319.873,
      "max_route_error_m": 0.57,
      "laps": 0.442,
      "stopped": false,
      "stopped_fraction": 0.016
    },
    {
      "index": 4,
      "active": true,
      "generation": 0,
      "cumulative_m": 376.581,
      "max_route_error_m": 0.354,
      "laps": 0.521,
      "stopped": false,
      "stopped_fraction": 0.016
    },
    {
      "index": 5,
      "active": true,
      "generation": 0,
      "cumulative_m": 354.476,
      "max_route_error_m": 0.395,
      "laps": 0.49,
      "stopped": false,
      "stopped_fraction": 0.016
    },
    {
      "index": 6,
      "active": true,
      "generation": 0,
      "cumulative_m": 368.433,
      "max_route_error_m": 0.355,
      "laps": 0.51,
      "stopped": false,
      "stopped_fraction": 0.017
    },
    {
      "index": 7,
      "active": true,
      "generation": 0,
      "cumulative_m": 334.858,
      "max_route_error_m": 0.399,
      "laps": 0.463,
      "stopped": false,
      "stopped_fraction": 0.018
    }
  ]
}
