{
  "tick": 1200,
  "time": 10.0,
  "player": {
    "position": [
      95.00990295410156,
      70.7518310546875,
      0.4186893105506897
    ],
    "heading": -0.009558851830661297,
    "speed": 14.574764251708984,
    "pitch": 0.1930348426103592,
    "roll": 3.454519173828885e-06,
    "wheels": [
      {
        "position": [
          94.17008972167969,
          71.8522720336914,
          0.3299981355667114
        ],
        "orientation": [
          0.9747554063796997,
          -0.22327521443367004,
          1.8654247469385155e-05,
          -8.13040605862625e-05
        ]
      },
      {
        "position": [
          95.85009002685547,
          71.85199737548828,
          0.3299981355667114
        ],
        "orientation": [
          0.9747247695922852,
          -0.22340908646583557,
          1.8665414245333523e-05,
          -8.13014994491823e-05
        ]
      },
      {
        "position": [
          94.16971588134766,
          69.65226745605469,
          0.3299981653690338
        ],
        "orientation": [
          0.5284308195114136,
          0.848976194858551,
          -7.0802794652991e-05,
          -4.4105494453106076e-05
        ]
      },
      {
        "position": [
          95.84971618652344,
          69.65198516845703,
          0.3299981653690338
        ],
        "orientation": [
          0.5283401012420654,
          0.8490327596664429,
          -7.080750947352499e-05,
          -4.4097938371123746e-05
        ]
      }
    ],
    "surface": "asphalt",
    "steering": 0.0,
    "throttle": 0.5,
    "brake": 0.0,
    "rpm": 3215.980281736524,
    "gear": 2,
    "acceleration": 1.2655946016311646,
    "lateral_acceleration": 2.7069210773333907e-05,
    "dynamics": {
      "aerodynamic_force": 89.08890200777279,
      "rolling_force": 159.99986726979273,
      "grade_force": -0.0,
      "front_load": 5597.505888796897,
      "rear_load": 6174.494111203103,
      "yaw_rate": -2.2515816908708075e-06,
      "sideslip": -5.256154298243864e-05,
      "traction_limited": false,
      "road_grade": -0.0
    },
    "active": true,
    "generation": 0,
    "signal": 0,
    "velocity": [
      0.002418152056634426,
      14.574764251708984,
      0.08175095915794373
    ],
    "hazards": false,
    "wheel_contacts": [
      {
        "in_contact": true,
        "contact_point": [
          94.17008972167969,
          71.85337829589844,
          -1.862645149230957e-08
        ],
        "contact_normal": [
          0.0,
          0.0,
          1.0
        ],
        "suspension_force": 2764.526123046875,
        "normal_load": 2764.526123046875,
        "suspension_length": 0.3423977196216583,
        "compression": 0.05760228633880615,
        "skid": 0.0,
        "surface": "asphalt"
      },
      {
        "in_contact": true,
        "contact_point": [
          95.85009002685547,
          71.85310363769531,
          -7.450580596923828e-09
        ],
        "contact_normal": [
          0.0,
          0.0,
          1.0
        ],
        "suspension_force": 2764.529296875,
        "normal_load": 2764.529296875,
        "suspension_length": 0.3423976004123688,
        "compression": 0.0576024055480957,
        "skid": 0.0,
        "surface": "asphalt"
      },
      {
        "in_contact": true,
        "contact_point": [
          94.16971588134766,
          69.65337371826172,
          1.862645149230957e-08
        ],
        "contact_normal": [
          0.0,
          0.0,
          1.0
        ],
        "suspension_force": 3121.45947265625,
        "normal_load": 3121.45947265625,
        "suspension_length": 0.3349857032299042,
        "compression": 0.0650143027305603,
        "skid": 0.0,
        "surface": "asphalt"
      },
      {
        "in_contact": true,
        "contact_point": [
          95.84971618652344,
          69.65309143066406,
          -1.4901161193847656e-08
        ],
        "contact_normal": [
          0.0,
          0.0,
          1.0
        ],
        "suspension_force": 3121.460205078125,
        "normal_load": 3121.460205078125,
        "suspension_length": 0.3349855840206146,
        "compression": 0.06501442193984985,
        "skid": 0.0,
        "surface": "asphalt"
      }
    ],
    "contact_tick": 1200,
    "wheel_dynamics": [
      {
        "omega": 44.14223680261924,
        "rotation": 214.08201848766444,
        "relative_omega": 44.139030435946125,
        "longitudinal_speed": 14.574481964111328,
        "lateral_speed": -1.0706717148423195e-05,
        "kappa": -0.00051760462331051,
        "alpha": -7.346207690116076e-07,
        "fx": -30.50665239044422,
        "fy": 0.03387013371586933,
        "drive_torque": 0.0,
        "brake_capacity": 0.0,
        "brake_torque": -0.0,
        "normal_load": 2764.57666015625,
        "road_support": true,
        "steering": 0.0,
        "force_contact_tick": 1199,
        "force_residual": 3.420568175304632e-11,
        "force_kappa": -0.000537902807487875,
        "force_alpha": -7.144129750238367e-07,
        "sample_support": true,
        "sample_tick": 1200,
        "force_mode": "magic-formula",
        "longitudinal_impulse": -0.17423168255971794,
        "lateral_impulse": 0.0005370559528073656,
        "brake_angular_impulse": 0.0,
        "force_grip": 3060.113147799274,
        "sample_grip": 3060.0628021261773,
        "force_longitudinal_stiffness": 56716.0253507418,
        "force_lateral_stiffness": 47411.38291182927
      },
      {
        "omega": 44.1423359302473,
        "rotation": 214.08229800422396,
        "relative_omega": 44.13912956357419,
        "longitudinal_speed": 14.574478149414062,
        "lateral_speed": -1.0706717148423195e-05,
        "kappa": -0.0005150985411272207,
        "alpha": -7.346209612899046e-07,
        "fx": -30.626351303427498,
        "fy": -0.13314295069975693,
        "drive_torque": 0.0,
        "brake_capacity": 0.0,
        "brake_torque": -0.0,
        "normal_load": 2764.58349609375,
        "road_support": true,
        "steering": 0.0,
        "force_contact_tick": 1199,
        "force_residual": 2.6286637000375192e-11,
        "force_kappa": -0.0005400123216443546,
        "force_alpha": 2.8083407743774376e-06,
        "sample_support": true,
        "sample_tick": 1200,
        "force_mode": "magic-formula",
        "longitudinal_impulse": -0.17423089191700292,
        "lateral_impulse": -0.00041864462548908427,
        "brake_angular_impulse": 0.0,
        "force_grip": 3060.1199578349447,
        "sample_grip": 3060.065963934443,
        "force_longitudinal_stiffness": 56716.15156769428,
        "force_lateral_stiffness": 47411.482560363416
      },
      {
        "omega": 44.811292271475374,
        "rotation": 217.88676692643938,
        "relative_omega": 44.80808590480226,
        "longitudinal_speed": 14.574481964111328,
        "lateral_speed": -1.5650643035769463e-05,
        "kappa": 0.014631359522804694,
        "alpha": -1.0738387185425933e-06,
        "fx": 900.5746488612822,
        "fy": 0.05240171797642042,
        "drive_torque": 351.15109890390556,
        "brake_capacity": 45.51,
        "brake_torque": 45.51,
        "normal_load": 3121.4150390625,
        "road_support": true,
        "steering": 0.0,
        "force_contact_tick": 1199,
        "force_residual": 1.910404062014506e-06,
        "force_kappa": 0.014595838448405203,
        "force_alpha": -1.0221490401683098e-06,
        "sample_support": true,
        "sample_tick": 1200,
        "force_mode": "magic-formula",
        "longitudinal_impulse": 7.540724359627433,
        "lateral_impulse": 0.02217051187104056,
        "brake_angular_impulse": 0.37925,
        "force_grip": 3413.4070253835907,
        "sample_grip": 3413.450756463277,
        "force_longitudinal_stiffness": 63263.96117845594,
        "force_lateral_stiffness": 52565.04883958631
      },
      {
        "omega": 44.809172484702195,
        "rotation": 217.8865440465451,
        "relative_omega": 44.80596611802908,
        "longitudinal_speed": 14.574478149414062,
        "lateral_speed": -1.5650643035769463e-05,
        "kappa": 0.014583628199834185,
        "alpha": -1.0738389996071762e-06,
        "fx": 906.1278178599485,
        "fy": -5.240665677175411,
        "drive_torque": 351.15109890390556,
        "brake_capacity": 45.51,
        "brake_torque": 45.51,
        "normal_load": 3121.4150390625,
        "road_support": true,
        "steering": 0.0,
        "force_contact_tick": 1199,
        "force_residual": 2.0751809521128654e-06,
        "force_kappa": 0.014690544161897696,
        "force_alpha": 0.00010225726755698736,
        "sample_support": true,
        "sample_tick": 1200,
        "force_mode": "magic-formula",
        "longitudinal_impulse": 7.540721716206352,
        "lateral_impulse": -0.022020045994264603,
        "brake_angular_impulse": 0.37925,
        "force_grip": 3413.4070253835907,
        "sample_grip": 3413.451477304728,
        "force_longitudinal_stiffness": 63263.96117845594,
        "force_lateral_stiffness": 52565.04883958631
      }
    ],
    "brake_states": [
      {
        "requested": 0.0,
        "commanded": 0.0,
        "pressure": 0.0,
        "braking_slip": 0.0005175903100267593,
        "abs_active": false,
        "phase": "normal",
        "feedback_tick": 1199,
        "predicted_slip": 0.0005177013037325814
      },
      {
        "requested": 0.0,
        "commanded": 0.0,
        "pressure": 0.0,
        "braking_slip": 0.0005150791286161962,
        "abs_active": false,
        "phase": "normal",
        "feedback_tick": 1199,
        "predicted_slip": 0.0005152333594202254
      },
      {
        "requested": 0.0,
        "commanded": 0.0,
        "pressure": 2.7108463648141033e-174,
        "braking_slip": -0.014628828714448061,
        "abs_active": false,
        "phase": "normal",
        "feedback_tick": 1199,
        "predicted_slip": -0.014637331521487159
      },
      {
        "requested": 0.0,
        "commanded": 0.0,
        "pressure": 2.7108463648141033e-174,
        "braking_slip": -0.014581051844447529,
        "abs_active": false,
        "phase": "normal",
        "feedback_tick": 1199,
        "predicted_slip": -0.01458972356448117
      }
    ],
    "abs_enabled": true,
    "tcs_enabled": true,
    "traction_state": {
      "requested_throttle": 0.5,
      "torque_scale": 1.0,
      "active": false,
      "wheel_slips": [
        -0.0005175903100267593,
        -0.0005150791286161962,
        0.014628828714448061,
        0.014581051844447529
      ],
      "brake_requests": [
        0.0,
        0.0,
        0.0,
        0.0
      ],
      "feedback_ticks": [
        1199,
        1199,
        1199,
        1199
      ]
    },
    "esc_enabled": true,
    "stability_state": {
      "reference_yaw_rate": 0.0,
      "unlimited_yaw_rate": -0.0,
      "observed_yaw_rate": -2.239898549305508e-06,
      "sideslip": -9.173719849720743e-07,
      "yaw_error": 2.239898549305508e-06,
      "desired_brake_moment": 0.0,
      "baseline_brake_moment": 0.0,
      "allocated_brake_moment": 0.0,
      "residual_moment": 0.0,
      "brake_requests": [
        0.0,
        0.0,
        0.0,
        0.0
      ],
      "torque_scale": 1.0,
      "active": false,
      "feedback_tick": 1199,
      "reference_sideslip": 0.0,
      "sideslip_error": -9.173719849720743e-07
    }
  },
  "traffic": [],
  "events": [],
  "origin_y": 0.0,
  "collisions": 0,
  "contact_epoch": 1,
  "impacts": [],
  "contacts": [],
  "driving_mode": "game",
  "vehicle_config": {
    "mass": 1200.0,
    "torque_curve": [
      [
        900,
        116.05
      ],
      [
        1800,
        174.075
      ],
      [
        3200,
        211
      ],
      [
        4500,
        200.45
      ],
      [
        6000,
        158.25
      ],
      [
        6500,
        0
      ]
    ],
    "gear_ratios": [
      3.25,
      2.05,
      1.45,
      1.1,
      0.88
    ],
    "final_drive": 3.7,
    "drivetrain_efficiency": 0.88,
    "idle_rpm": 900.0,
    "shift_time": 0.28,
    "torque_response": 0.12,
    "engine_braking": 24.0,
    "max_speed": 44.44444444444444,
    "reverse_speed": 6.111111111111111,
    "reverse_force": 2200.0,
    "reverse_gear_ratio": 3.0,
    "game_speed_limits": true,
    "brake_torque": 3643.2,
    "front_brake_share": 0.6,
    "braking": {
      "response_time": 0.025,
      "abs_enabled": true,
      "target_slip": 0.12,
      "slip_hysteresis": 0.015,
      "minimum_speed": 1.5,
      "release_rate": 25.0,
      "apply_rate": 5.0,
      "slip_rate_gain": 30.0
    },
    "traction": {
      "tcs_enabled": true,
      "target_slip": 0.12,
      "slip_hysteresis": 0.015,
      "slip_speed": 1.0,
      "prediction_time": 0.12,
      "release_rate": 12.0,
      "apply_rate": 1.5,
      "slip_rate_gain": 12.0,
      "brake_gain": 0.2,
      "maximum_brake": 0.25
    },
    "stability": {
      "esc_enabled": true,
      "minimum_speed": 1.5,
      "reference_response": 0.15,
      "yaw_gain": 6.0,
      "sideslip_gain": 6.0,
      "yaw_threshold": 0.1,
      "sideslip_threshold": 0.06,
      "moment_threshold": 150.0,
      "engine_cut_gain": 0.4
    },
    "steering_degrees": 26.0,
    "steering_rate": 50.0,
    "steering_response": 7.0,
    "steering_return": 10.0,
    "wheel_radius": 0.33,
    "wheel_inertia": 1.8,
    "longitudinal_stiffness": 60000.0,
    "lateral_stiffness": 50000.0,
    "rear_lateral_stiffness": 50000.0,
    "tire_peak_load_exponent": 0.9,
    "longitudinal_load_exponent": 0.9,
    "lateral_load_exponent": 0.85,
    "tire_shape": 1.9,
    "tire_curvature": 0.97,
    "slip_speed": 1.0,
    "static_contact_speed": 0.25,
    "tire_substeps": 2,
    "suspension_stiffness": 40.0,
    "suspension_compression": 4.4,
    "suspension_relaxation": 2.3,
    "air_density": 1.225,
    "drag_coefficient": 0.32,
    "frontal_area": 2.142857142857143,
    "rolling_coefficient": 0.013591573224600747,
    "grass_rolling_coefficient": 0.0764525993883792,
    "road_friction": 1.1,
    "grass_friction": 0.45,
    "wheelbase": 2.2,
    "track_width": 1.68,
    "collision_half_width": 1.05,
    "collision_half_length": 2.15,
    "collision_half_height": 0.42,
    "body_center_height": 0.84,
    "wheel_connection_height": 0.67,
    "center_of_mass_height": 0.42,
    "front_weight_share": 0.5,
    "body_inertia": null,
    "angular_damping": 0.2,
    "suspension_travel": 0.2,
    "suspension_force_limit": 6000.0
  }
}
